```json
{
  "status": "completed",
  "changed_files": [
    "pyproject.toml",
    "AGENTS.md",
    "debug_memory/__init__.py",
    "debug_memory/cli.py",
    "debug_memory/models.py",
    "debug_memory/parser.py",
    "debug_memory/signature.py",
    "debug_memory/search.py",
    "debug_memory/rag.py",
    "debug_memory/render.py",
    "memory/errors/.gitkeep",
    "templates/.gitkeep",
    "tests/__init__.py"
  ],
  "summary": "Created the initial Debug Memory Vol.1 Python package scaffold, required directory placeholders, console-script metadata, and the prescribed AGENTS.md instructions. Implementation modules contain only the requested stubs.",
  "tests_run": [
    "python -m venv .venv: passed",
    ".venv/bin/pip install -e .: blocked because the network-restricted environment could not download setuptools build dependencies",
    "python -c \"import debug_memory; print(debug_memory.__version__)\": passed, printed 0.1.0"
  ],
  "unresolved_issues": [
    "Editable installation could not be fully verified in this sandbox because PyPI access is unavailable and the fresh virtual environment does not contain setuptools."
  ],
  "recommended_next_step": "Run `pip install -e .` and the version import check in an environment with setuptools/PyYAML available, then commit the scaffold."
}
```
